[0.009s] Invoking command in '/home/kunal-humble/ros2_ws/build/diff_robot': CMAKE_PREFIX_PATH=/opt/ros/humble /usr/bin/cmake --build /home/kunal-humble/ros2_ws/build/diff_robot -- -j12 -l12
[0.114s] [ 50%] Built target vel_publisher
[0.117s] [100%] Built target pose_publisher
[0.132s] Invoked command in '/home/kunal-humble/ros2_ws/build/diff_robot' returned '0': CMAKE_PREFIX_PATH=/opt/ros/humble /usr/bin/cmake --build /home/kunal-humble/ros2_ws/build/diff_robot -- -j12 -l12
[0.148s] Invoking command in '/home/kunal-humble/ros2_ws/build/diff_robot': CMAKE_PREFIX_PATH=/opt/ros/humble /usr/bin/cmake --install /home/kunal-humble/ros2_ws/build/diff_robot
[0.159s] -- Install configuration: ""
[0.159s] -- Up-to-date: /home/kunal-humble/ros2_ws/install/diff_robot/share/diff_robot//launch
[0.159s] -- Installing: /home/kunal-humble/ros2_ws/install/diff_robot/share/diff_robot//launch/robot.launch.py
[0.159s] -- Up-to-date: /home/kunal-humble/ros2_ws/install/diff_robot/share/diff_robot//launch/nav2.launch.py
[0.159s] -- Up-to-date: /home/kunal-humble/ros2_ws/install/diff_robot/share/diff_robot//launch/__pycache__
[0.159s] -- Installing: /home/kunal-humble/ros2_ws/install/diff_robot/share/diff_robot//launch/__pycache__/robot.launch.cpython-310.pyc
[0.160s] -- Up-to-date: /home/kunal-humble/ros2_ws/install/diff_robot/lib/diff_robot/pose_publisher
[0.161s] -- Up-to-date: /home/kunal-humble/ros2_ws/install/diff_robot/lib/diff_robot/vel_publisher
[0.161s] -- Up-to-date: /home/kunal-humble/ros2_ws/install/diff_robot/share/ament_index/resource_index/package_run_dependencies/diff_robot
[0.161s] -- Up-to-date: /home/kunal-humble/ros2_ws/install/diff_robot/share/ament_index/resource_index/parent_prefix_path/diff_robot
[0.161s] -- Up-to-date: /home/kunal-humble/ros2_ws/install/diff_robot/share/diff_robot/environment/ament_prefix_path.sh
[0.161s] -- Up-to-date: /home/kunal-humble/ros2_ws/install/diff_robot/share/diff_robot/environment/ament_prefix_path.dsv
[0.161s] -- Up-to-date: /home/kunal-humble/ros2_ws/install/diff_robot/share/diff_robot/environment/path.sh
[0.161s] -- Up-to-date: /home/kunal-humble/ros2_ws/install/diff_robot/share/diff_robot/environment/path.dsv
[0.161s] -- Up-to-date: /home/kunal-humble/ros2_ws/install/diff_robot/share/diff_robot/local_setup.bash
[0.161s] -- Up-to-date: /home/kunal-humble/ros2_ws/install/diff_robot/share/diff_robot/local_setup.sh
[0.161s] -- Up-to-date: /home/kunal-humble/ros2_ws/install/diff_robot/share/diff_robot/local_setup.zsh
[0.161s] -- Up-to-date: /home/kunal-humble/ros2_ws/install/diff_robot/share/diff_robot/local_setup.dsv
[0.162s] -- Installing: /home/kunal-humble/ros2_ws/install/diff_robot/share/diff_robot/package.dsv
[0.162s] -- Up-to-date: /home/kunal-humble/ros2_ws/install/diff_robot/share/ament_index/resource_index/packages/diff_robot
[0.162s] -- Up-to-date: /home/kunal-humble/ros2_ws/install/diff_robot/share/diff_robot/cmake/diff_robotConfig.cmake
[0.162s] -- Up-to-date: /home/kunal-humble/ros2_ws/install/diff_robot/share/diff_robot/cmake/diff_robotConfig-version.cmake
[0.162s] -- Up-to-date: /home/kunal-humble/ros2_ws/install/diff_robot/share/diff_robot/package.xml
[0.163s] Invoked command in '/home/kunal-humble/ros2_ws/build/diff_robot' returned '0': CMAKE_PREFIX_PATH=/opt/ros/humble /usr/bin/cmake --install /home/kunal-humble/ros2_ws/build/diff_robot
