[0.008s] Invoking command in '/home/kunal-humble/ros2_ws/build/diff_robot': CMAKE_PREFIX_PATH=/opt/ros/humble /usr/bin/cmake --build /home/kunal-humble/ros2_ws/build/diff_robot -- -j12 -l12
[0.117s] [ 25%] [32mBuilding CXX object CMakeFiles/vel_publisher.dir/src/vel_publisher.cpp.o[0m
[0.118s] [ 75%] Built target pose_publisher
[2.962s] [100%] [32m[1mLinking CXX executable vel_publisher[0m
[3.138s] [100%] Built target vel_publisher
[3.147s] Invoked command in '/home/kunal-humble/ros2_ws/build/diff_robot' returned '0': CMAKE_PREFIX_PATH=/opt/ros/humble /usr/bin/cmake --build /home/kunal-humble/ros2_ws/build/diff_robot -- -j12 -l12
[3.161s] Invoking command in '/home/kunal-humble/ros2_ws/build/diff_robot': CMAKE_PREFIX_PATH=/opt/ros/humble /usr/bin/cmake --install /home/kunal-humble/ros2_ws/build/diff_robot
[3.170s] -- Install configuration: ""
[3.170s] -- Up-to-date: /home/kunal-humble/ros2_ws/install/diff_robot/share/diff_robot//launch
[3.170s] -- Installing: /home/kunal-humble/ros2_ws/install/diff_robot/share/diff_robot//launch/robot.launch.py
[3.170s] -- Installing: /home/kunal-humble/ros2_ws/install/diff_robot/share/diff_robot//launch/nav2.launch.py
[3.170s] -- Up-to-date: /home/kunal-humble/ros2_ws/install/diff_robot/share/diff_robot//launch/__pycache__
[3.170s] -- Installing: /home/kunal-humble/ros2_ws/install/diff_robot/share/diff_robot//launch/__pycache__/robot.launch.cpython-310.pyc
[3.171s] -- Up-to-date: /home/kunal-humble/ros2_ws/install/diff_robot/lib/diff_robot/pose_publisher
[3.172s] -- Installing: /home/kunal-humble/ros2_ws/install/diff_robot/lib/diff_robot/vel_publisher
[3.173s] -- Set runtime path of "/home/kunal-humble/ros2_ws/install/diff_robot/lib/diff_robot/vel_publisher" to ""
[3.173s] -- Up-to-date: /home/kunal-humble/ros2_ws/install/diff_robot/share/ament_index/resource_index/package_run_dependencies/diff_robot
[3.173s] -- Up-to-date: /home/kunal-humble/ros2_ws/install/diff_robot/share/ament_index/resource_index/parent_prefix_path/diff_robot
[3.173s] -- Up-to-date: /home/kunal-humble/ros2_ws/install/diff_robot/share/diff_robot/environment/ament_prefix_path.sh
[3.173s] -- Up-to-date: /home/kunal-humble/ros2_ws/install/diff_robot/share/diff_robot/environment/ament_prefix_path.dsv
[3.173s] -- Up-to-date: /home/kunal-humble/ros2_ws/install/diff_robot/share/diff_robot/environment/path.sh
[3.173s] -- Up-to-date: /home/kunal-humble/ros2_ws/install/diff_robot/share/diff_robot/environment/path.dsv
[3.173s] -- Up-to-date: /home/kunal-humble/ros2_ws/install/diff_robot/share/diff_robot/local_setup.bash
[3.173s] -- Up-to-date: /home/kunal-humble/ros2_ws/install/diff_robot/share/diff_robot/local_setup.sh
[3.174s] -- Up-to-date: /home/kunal-humble/ros2_ws/install/diff_robot/share/diff_robot/local_setup.zsh
[3.174s] -- Up-to-date: /home/kunal-humble/ros2_ws/install/diff_robot/share/diff_robot/local_setup.dsv
[3.174s] -- Up-to-date: /home/kunal-humble/ros2_ws/install/diff_robot/share/diff_robot/package.dsv
[3.174s] -- Up-to-date: /home/kunal-humble/ros2_ws/install/diff_robot/share/ament_index/resource_index/packages/diff_robot
[3.174s] -- Up-to-date: /home/kunal-humble/ros2_ws/install/diff_robot/share/diff_robot/cmake/diff_robotConfig.cmake
[3.174s] -- Up-to-date: /home/kunal-humble/ros2_ws/install/diff_robot/share/diff_robot/cmake/diff_robotConfig-version.cmake
[3.174s] -- Up-to-date: /home/kunal-humble/ros2_ws/install/diff_robot/share/diff_robot/package.xml
[3.175s] Invoked command in '/home/kunal-humble/ros2_ws/build/diff_robot' returned '0': CMAKE_PREFIX_PATH=/opt/ros/humble /usr/bin/cmake --install /home/kunal-humble/ros2_ws/build/diff_robot
