[0.010s] Invoking command in '/home/kunal-humble/ros2_ws/build/diff_robot': CMAKE_PREFIX_PATH=${CMAKE_PREFIX_PATH}:/opt/ros/humble /usr/bin/cmake --build /home/kunal-humble/ros2_ws/build/diff_robot -- -j12 -l12
[0.048s] [35m[1mConsolidate compiler generated dependencies of target pose_publisher[0m
[0.061s] [ 50%] Built target pose_publisher
[0.061s] [ 75%] [32mBuilding CXX object CMakeFiles/vel_publisher.dir/src/vel_publisher.cpp.o[0m
[2.727s] [100%] [32m[1mLinking CXX executable vel_publisher[0m
[2.863s] [100%] Built target vel_publisher
[2.873s] Invoked command in '/home/kunal-humble/ros2_ws/build/diff_robot' returned '0': CMAKE_PREFIX_PATH=${CMAKE_PREFIX_PATH}:/opt/ros/humble /usr/bin/cmake --build /home/kunal-humble/ros2_ws/build/diff_robot -- -j12 -l12
[2.882s] Invoking command in '/home/kunal-humble/ros2_ws/build/diff_robot': CMAKE_PREFIX_PATH=${CMAKE_PREFIX_PATH}:/opt/ros/humble /usr/bin/cmake --install /home/kunal-humble/ros2_ws/build/diff_robot
[2.889s] -- Install configuration: ""
[2.890s] -- Up-to-date: /home/kunal-humble/ros2_ws/install/diff_robot/share/diff_robot//launch
[2.890s] -- Installing: /home/kunal-humble/ros2_ws/install/diff_robot/share/diff_robot//launch/robot.launch.py
[2.890s] -- Up-to-date: /home/kunal-humble/ros2_ws/install/diff_robot/share/diff_robot//launch/nav2.launch.py
[2.890s] -- Up-to-date: /home/kunal-humble/ros2_ws/install/diff_robot/share/diff_robot//launch/__pycache__
[2.890s] -- Installing: /home/kunal-humble/ros2_ws/install/diff_robot/share/diff_robot//launch/__pycache__/robot.launch.cpython-310.pyc
[2.890s] -- Up-to-date: /home/kunal-humble/ros2_ws/install/diff_robot/lib/diff_robot/pose_publisher
[2.890s] -- Installing: /home/kunal-humble/ros2_ws/install/diff_robot/lib/diff_robot/vel_publisher
[2.891s] -- Set runtime path of "/home/kunal-humble/ros2_ws/install/diff_robot/lib/diff_robot/vel_publisher" to ""
[2.891s] -- Up-to-date: /home/kunal-humble/ros2_ws/install/diff_robot/share/ament_index/resource_index/package_run_dependencies/diff_robot
[2.892s] -- Up-to-date: /home/kunal-humble/ros2_ws/install/diff_robot/share/ament_index/resource_index/parent_prefix_path/diff_robot
[2.892s] -- Up-to-date: /home/kunal-humble/ros2_ws/install/diff_robot/share/diff_robot/environment/ament_prefix_path.sh
[2.892s] -- Up-to-date: /home/kunal-humble/ros2_ws/install/diff_robot/share/diff_robot/environment/ament_prefix_path.dsv
[2.892s] -- Up-to-date: /home/kunal-humble/ros2_ws/install/diff_robot/share/diff_robot/environment/path.sh
[2.892s] -- Up-to-date: /home/kunal-humble/ros2_ws/install/diff_robot/share/diff_robot/environment/path.dsv
[2.892s] -- Up-to-date: /home/kunal-humble/ros2_ws/install/diff_robot/share/diff_robot/local_setup.bash
[2.892s] -- Up-to-date: /home/kunal-humble/ros2_ws/install/diff_robot/share/diff_robot/local_setup.sh
[2.892s] -- Up-to-date: /home/kunal-humble/ros2_ws/install/diff_robot/share/diff_robot/local_setup.zsh
[2.892s] -- Up-to-date: /home/kunal-humble/ros2_ws/install/diff_robot/share/diff_robot/local_setup.dsv
[2.893s] -- Installing: /home/kunal-humble/ros2_ws/install/diff_robot/share/diff_robot/package.dsv
[2.893s] -- Up-to-date: /home/kunal-humble/ros2_ws/install/diff_robot/share/ament_index/resource_index/packages/diff_robot
[2.893s] -- Up-to-date: /home/kunal-humble/ros2_ws/install/diff_robot/share/diff_robot/cmake/diff_robotConfig.cmake
[2.893s] -- Up-to-date: /home/kunal-humble/ros2_ws/install/diff_robot/share/diff_robot/cmake/diff_robotConfig-version.cmake
[2.893s] -- Up-to-date: /home/kunal-humble/ros2_ws/install/diff_robot/share/diff_robot/package.xml
[2.894s] Invoked command in '/home/kunal-humble/ros2_ws/build/diff_robot' returned '0': CMAKE_PREFIX_PATH=${CMAKE_PREFIX_PATH}:/opt/ros/humble /usr/bin/cmake --install /home/kunal-humble/ros2_ws/build/diff_robot
