[0.063s] DEBUG:colcon:Command line arguments: ['/usr/bin/colcon', 'build']
[0.063s] DEBUG:colcon:Parsed command line arguments: Namespace(log_base=None, log_level=None, verb_name='build', build_base='build', install_base='install', merge_install=False, symlink_install=False, test_result_base=None, continue_on_error=False, executor='parallel', parallel_workers=12, event_handlers=None, ignore_user_meta=False, metas=['./colcon.meta'], base_paths=['.'], packages_ignore=None, packages_ignore_regex=None, paths=None, packages_up_to=None, packages_up_to_regex=None, packages_above=None, packages_above_and_dependencies=None, packages_above_depth=None, packages_select_by_dep=None, packages_skip_by_dep=None, packages_skip_up_to=None, packages_select_build_failed=False, packages_skip_build_finished=False, packages_select_test_failures=False, packages_skip_test_passed=False, packages_select=None, packages_skip=None, packages_select_regex=None, packages_skip_regex=None, packages_start=None, packages_end=None, allow_overriding=[], cmake_args=None, cmake_target=None, cmake_target_skip_unavailable=False, cmake_clean_cache=False, cmake_clean_first=False, cmake_force_configure=False, ament_cmake_args=None, catkin_cmake_args=None, catkin_skip_building_tests=False, verb_parser=<colcon_defaults.argument_parser.defaults.DefaultArgumentsDecorator object at 0x7df8a43ef5b0>, verb_extension=<colcon_core.verb.build.BuildVerb object at 0x7df8a43eefb0>, main=<bound method BuildVerb.main of <colcon_core.verb.build.BuildVerb object at 0x7df8a43eefb0>>)
[0.155s] Level 1:colcon.colcon_core.package_discovery:discover_packages(colcon_meta) check parameters
[0.155s] Level 1:colcon.colcon_core.package_discovery:discover_packages(recursive) check parameters
[0.155s] Level 1:colcon.colcon_core.package_discovery:discover_packages(ignore) check parameters
[0.155s] Level 1:colcon.colcon_core.package_discovery:discover_packages(path) check parameters
[0.155s] Level 1:colcon.colcon_core.package_discovery:discover_packages(colcon_meta) discover
[0.155s] Level 1:colcon.colcon_core.package_discovery:discover_packages(recursive) discover
[0.155s] INFO:colcon.colcon_core.package_discovery:Crawling recursively for packages in '/home/kunal-humble/ros2_ws'
[0.155s] Level 1:colcon.colcon_core.package_identification:_identify(.) by extensions ['ignore', 'ignore_ament_install']
[0.155s] Level 1:colcon.colcon_core.package_identification:_identify(.) by extension 'ignore'
[0.155s] Level 1:colcon.colcon_core.package_identification:_identify(.) by extension 'ignore_ament_install'
[0.155s] Level 1:colcon.colcon_core.package_identification:_identify(.) by extensions ['colcon_pkg']
[0.155s] Level 1:colcon.colcon_core.package_identification:_identify(.) by extension 'colcon_pkg'
[0.155s] Level 1:colcon.colcon_core.package_identification:_identify(.) by extensions ['colcon_meta']
[0.155s] Level 1:colcon.colcon_core.package_identification:_identify(.) by extension 'colcon_meta'
[0.155s] Level 1:colcon.colcon_core.package_identification:_identify(.) by extensions ['ros']
[0.155s] Level 1:colcon.colcon_core.package_identification:_identify(.) by extension 'ros'
[0.163s] Level 1:colcon.colcon_core.package_identification:_identify(.) by extensions ['cmake', 'python']
[0.163s] Level 1:colcon.colcon_core.package_identification:_identify(.) by extension 'cmake'
[0.163s] Level 1:colcon.colcon_core.package_identification:_identify(.) by extension 'python'
[0.163s] Level 1:colcon.colcon_core.package_identification:_identify(.) by extensions ['python_setup_py']
[0.163s] Level 1:colcon.colcon_core.package_identification:_identify(.) by extension 'python_setup_py'
[0.163s] Level 1:colcon.colcon_core.package_identification:_identify(build) by extensions ['ignore', 'ignore_ament_install']
[0.163s] Level 1:colcon.colcon_core.package_identification:_identify(build) by extension 'ignore'
[0.163s] Level 1:colcon.colcon_core.package_identification:_identify(build) ignored
[0.163s] Level 1:colcon.colcon_core.package_identification:_identify(install) by extensions ['ignore', 'ignore_ament_install']
[0.163s] Level 1:colcon.colcon_core.package_identification:_identify(install) by extension 'ignore'
[0.163s] Level 1:colcon.colcon_core.package_identification:_identify(install) ignored
[0.163s] Level 1:colcon.colcon_core.package_identification:_identify(log) by extensions ['ignore', 'ignore_ament_install']
[0.163s] Level 1:colcon.colcon_core.package_identification:_identify(log) by extension 'ignore'
[0.163s] Level 1:colcon.colcon_core.package_identification:_identify(log) ignored
[0.163s] Level 1:colcon.colcon_core.package_identification:_identify(src) by extensions ['ignore', 'ignore_ament_install']
[0.163s] Level 1:colcon.colcon_core.package_identification:_identify(src) by extension 'ignore'
[0.163s] Level 1:colcon.colcon_core.package_identification:_identify(src) by extension 'ignore_ament_install'
[0.163s] Level 1:colcon.colcon_core.package_identification:_identify(src) by extensions ['colcon_pkg']
[0.163s] Level 1:colcon.colcon_core.package_identification:_identify(src) by extension 'colcon_pkg'
[0.163s] Level 1:colcon.colcon_core.package_identification:_identify(src) by extensions ['colcon_meta']
[0.163s] Level 1:colcon.colcon_core.package_identification:_identify(src) by extension 'colcon_meta'
[0.163s] Level 1:colcon.colcon_core.package_identification:_identify(src) by extensions ['ros']
[0.163s] Level 1:colcon.colcon_core.package_identification:_identify(src) by extension 'ros'
[0.163s] Level 1:colcon.colcon_core.package_identification:_identify(src) by extensions ['cmake', 'python']
[0.163s] Level 1:colcon.colcon_core.package_identification:_identify(src) by extension 'cmake'
[0.163s] Level 1:colcon.colcon_core.package_identification:_identify(src) by extension 'python'
[0.163s] Level 1:colcon.colcon_core.package_identification:_identify(src) by extensions ['python_setup_py']
[0.164s] Level 1:colcon.colcon_core.package_identification:_identify(src) by extension 'python_setup_py'
[0.164s] Level 1:colcon.colcon_core.package_identification:_identify(src/diff_robot) by extensions ['ignore', 'ignore_ament_install']
[0.164s] Level 1:colcon.colcon_core.package_identification:_identify(src/diff_robot) by extension 'ignore'
[0.164s] Level 1:colcon.colcon_core.package_identification:_identify(src/diff_robot) by extension 'ignore_ament_install'
[0.164s] Level 1:colcon.colcon_core.package_identification:_identify(src/diff_robot) by extensions ['colcon_pkg']
[0.164s] Level 1:colcon.colcon_core.package_identification:_identify(src/diff_robot) by extension 'colcon_pkg'
[0.164s] Level 1:colcon.colcon_core.package_identification:_identify(src/diff_robot) by extensions ['colcon_meta']
[0.164s] Level 1:colcon.colcon_core.package_identification:_identify(src/diff_robot) by extension 'colcon_meta'
[0.164s] Level 1:colcon.colcon_core.package_identification:_identify(src/diff_robot) by extensions ['ros']
[0.164s] Level 1:colcon.colcon_core.package_identification:_identify(src/diff_robot) by extension 'ros'
[0.165s] DEBUG:colcon.colcon_core.package_identification:Package 'src/diff_robot' with type 'ros.ament_cmake' and name 'diff_robot'
[0.166s] Level 1:colcon.colcon_core.package_discovery:discover_packages(recursive) using defaults
[0.166s] Level 1:colcon.colcon_core.package_discovery:discover_packages(ignore) discover
[0.166s] Level 1:colcon.colcon_core.package_discovery:discover_packages(ignore) using defaults
[0.166s] Level 1:colcon.colcon_core.package_discovery:discover_packages(path) discover
[0.166s] Level 1:colcon.colcon_core.package_discovery:discover_packages(path) using defaults
[0.178s] Level 1:colcon.colcon_core.package_discovery:discover_packages(prefix_path) check parameters
[0.179s] Level 1:colcon.colcon_core.package_discovery:discover_packages(prefix_path) discover
[0.180s] DEBUG:colcon.colcon_installed_package_information.package_discovery:Found 369 installed packages in /opt/ros/humble
[0.188s] Level 1:colcon.colcon_core.package_discovery:discover_packages(prefix_path) using defaults
[0.215s] Level 5:colcon.colcon_core.verb:set package 'diff_robot' build argument 'cmake_args' from command line to 'None'
[0.215s] Level 5:colcon.colcon_core.verb:set package 'diff_robot' build argument 'cmake_target' from command line to 'None'
[0.215s] Level 5:colcon.colcon_core.verb:set package 'diff_robot' build argument 'cmake_target_skip_unavailable' from command line to 'False'
[0.215s] Level 5:colcon.colcon_core.verb:set package 'diff_robot' build argument 'cmake_clean_cache' from command line to 'False'
[0.215s] Level 5:colcon.colcon_core.verb:set package 'diff_robot' build argument 'cmake_clean_first' from command line to 'False'
[0.215s] Level 5:colcon.colcon_core.verb:set package 'diff_robot' build argument 'cmake_force_configure' from command line to 'False'
[0.215s] Level 5:colcon.colcon_core.verb:set package 'diff_robot' build argument 'ament_cmake_args' from command line to 'None'
[0.215s] Level 5:colcon.colcon_core.verb:set package 'diff_robot' build argument 'catkin_cmake_args' from command line to 'None'
[0.215s] Level 5:colcon.colcon_core.verb:set package 'diff_robot' build argument 'catkin_skip_building_tests' from command line to 'False'
[0.215s] DEBUG:colcon.colcon_core.verb:Building package 'diff_robot' with the following arguments: {'ament_cmake_args': None, 'build_base': '/home/kunal-humble/ros2_ws/build/diff_robot', 'catkin_cmake_args': None, 'catkin_skip_building_tests': False, 'cmake_args': None, 'cmake_clean_cache': False, 'cmake_clean_first': False, 'cmake_force_configure': False, 'cmake_target': None, 'cmake_target_skip_unavailable': False, 'install_base': '/home/kunal-humble/ros2_ws/install/diff_robot', 'merge_install': False, 'path': '/home/kunal-humble/ros2_ws/src/diff_robot', 'symlink_install': False, 'test_result_base': None}
[0.215s] INFO:colcon.colcon_core.executor:Executing jobs using 'parallel' executor
[0.216s] DEBUG:colcon.colcon_parallel_executor.executor.parallel:run_until_complete
[0.216s] INFO:colcon.colcon_ros.task.ament_cmake.build:Building ROS package in '/home/kunal-humble/ros2_ws/src/diff_robot' with build type 'ament_cmake'
[0.216s] INFO:colcon.colcon_cmake.task.cmake.build:Building CMake package in '/home/kunal-humble/ros2_ws/src/diff_robot'
[0.217s] INFO:colcon.colcon_core.plugin_system:Skipping extension 'colcon_core.shell.bat': Not used on non-Windows systems
[0.217s] INFO:colcon.colcon_core.shell:Skip shell extension 'powershell' for command environment: Not usable outside of PowerShell
[0.217s] DEBUG:colcon.colcon_core.shell:Skip shell extension 'dsv' for command environment
[0.223s] DEBUG:colcon.colcon_core.event_handler.log_command:Invoking command in '/home/kunal-humble/ros2_ws/build/diff_robot': CMAKE_PREFIX_PATH=/opt/ros/humble /usr/bin/cmake /home/kunal-humble/ros2_ws/src/diff_robot -DCMAKE_INSTALL_PREFIX=/home/kunal-humble/ros2_ws/install/diff_robot
[2.396s] DEBUG:colcon.colcon_core.event_handler.log_command:Invoked command in '/home/kunal-humble/ros2_ws/build/diff_robot' returned '0': CMAKE_PREFIX_PATH=/opt/ros/humble /usr/bin/cmake /home/kunal-humble/ros2_ws/src/diff_robot -DCMAKE_INSTALL_PREFIX=/home/kunal-humble/ros2_ws/install/diff_robot
[2.396s] DEBUG:colcon.colcon_core.event_handler.log_command:Invoking command in '/home/kunal-humble/ros2_ws/build/diff_robot': CMAKE_PREFIX_PATH=/opt/ros/humble /usr/bin/cmake --build /home/kunal-humble/ros2_ws/build/diff_robot -- -j12 -l12
[8.025s] DEBUG:colcon.colcon_core.event_handler.log_command:Invoked command in '/home/kunal-humble/ros2_ws/build/diff_robot' returned '0': CMAKE_PREFIX_PATH=/opt/ros/humble /usr/bin/cmake --build /home/kunal-humble/ros2_ws/build/diff_robot -- -j12 -l12
[8.033s] DEBUG:colcon.colcon_core.event_handler.log_command:Invoking command in '/home/kunal-humble/ros2_ws/build/diff_robot': CMAKE_PREFIX_PATH=/opt/ros/humble /usr/bin/cmake --install /home/kunal-humble/ros2_ws/build/diff_robot
[8.045s] Level 1:colcon.colcon_core.environment:create_environment_scripts_only(diff_robot)
[8.045s] DEBUG:colcon.colcon_core.event_handler.log_command:Invoked command in '/home/kunal-humble/ros2_ws/build/diff_robot' returned '0': CMAKE_PREFIX_PATH=/opt/ros/humble /usr/bin/cmake --install /home/kunal-humble/ros2_ws/build/diff_robot
[8.046s] Level 1:colcon.colcon_core.environment:checking '/home/kunal-humble/ros2_ws/install/diff_robot' for CMake module files
[8.046s] Level 1:colcon.colcon_core.environment:checking '/home/kunal-humble/ros2_ws/install/diff_robot' for CMake config files
[8.046s] Level 1:colcon.colcon_core.shell:create_environment_hook('diff_robot', 'cmake_prefix_path')
[8.047s] INFO:colcon.colcon_core.shell:Creating environment hook '/home/kunal-humble/ros2_ws/install/diff_robot/share/diff_robot/hook/cmake_prefix_path.ps1'
[8.048s] INFO:colcon.colcon_core.shell:Creating environment descriptor '/home/kunal-humble/ros2_ws/install/diff_robot/share/diff_robot/hook/cmake_prefix_path.dsv'
[8.048s] INFO:colcon.colcon_core.shell:Creating environment hook '/home/kunal-humble/ros2_ws/install/diff_robot/share/diff_robot/hook/cmake_prefix_path.sh'
[8.049s] Level 1:colcon.colcon_core.environment:checking '/home/kunal-humble/ros2_ws/install/diff_robot/lib'
[8.049s] Level 1:colcon.colcon_core.environment:checking '/home/kunal-humble/ros2_ws/install/diff_robot/bin'
[8.049s] Level 1:colcon.colcon_core.environment:checking '/home/kunal-humble/ros2_ws/install/diff_robot/lib/pkgconfig/diff_robot.pc'
[8.049s] Level 1:colcon.colcon_core.environment:checking '/home/kunal-humble/ros2_ws/install/diff_robot/lib/python3.10/site-packages'
[8.049s] Level 1:colcon.colcon_core.environment:checking '/home/kunal-humble/ros2_ws/install/diff_robot/bin'
[8.049s] INFO:colcon.colcon_core.shell:Creating package script '/home/kunal-humble/ros2_ws/install/diff_robot/share/diff_robot/package.ps1'
[8.050s] INFO:colcon.colcon_core.shell:Creating package descriptor '/home/kunal-humble/ros2_ws/install/diff_robot/share/diff_robot/package.dsv'
[8.050s] INFO:colcon.colcon_core.shell:Creating package script '/home/kunal-humble/ros2_ws/install/diff_robot/share/diff_robot/package.sh'
[8.051s] INFO:colcon.colcon_core.shell:Creating package script '/home/kunal-humble/ros2_ws/install/diff_robot/share/diff_robot/package.bash'
[8.051s] INFO:colcon.colcon_core.shell:Creating package script '/home/kunal-humble/ros2_ws/install/diff_robot/share/diff_robot/package.zsh'
[8.051s] Level 1:colcon.colcon_core.environment:create_file_with_runtime_dependencies(/home/kunal-humble/ros2_ws/install/diff_robot/share/colcon-core/packages/diff_robot)
[8.052s] Level 1:colcon.colcon_core.environment:create_environment_scripts_only(diff_robot)
[8.052s] Level 1:colcon.colcon_core.environment:checking '/home/kunal-humble/ros2_ws/install/diff_robot' for CMake module files
[8.052s] Level 1:colcon.colcon_core.environment:checking '/home/kunal-humble/ros2_ws/install/diff_robot' for CMake config files
[8.052s] Level 1:colcon.colcon_core.shell:create_environment_hook('diff_robot', 'cmake_prefix_path')
[8.052s] INFO:colcon.colcon_core.shell:Creating environment hook '/home/kunal-humble/ros2_ws/install/diff_robot/share/diff_robot/hook/cmake_prefix_path.ps1'
[8.053s] INFO:colcon.colcon_core.shell:Creating environment descriptor '/home/kunal-humble/ros2_ws/install/diff_robot/share/diff_robot/hook/cmake_prefix_path.dsv'
[8.053s] INFO:colcon.colcon_core.shell:Creating environment hook '/home/kunal-humble/ros2_ws/install/diff_robot/share/diff_robot/hook/cmake_prefix_path.sh'
[8.053s] Level 1:colcon.colcon_core.environment:checking '/home/kunal-humble/ros2_ws/install/diff_robot/lib'
[8.053s] Level 1:colcon.colcon_core.environment:checking '/home/kunal-humble/ros2_ws/install/diff_robot/bin'
[8.053s] Level 1:colcon.colcon_core.environment:checking '/home/kunal-humble/ros2_ws/install/diff_robot/lib/pkgconfig/diff_robot.pc'
[8.053s] Level 1:colcon.colcon_core.environment:checking '/home/kunal-humble/ros2_ws/install/diff_robot/lib/python3.10/site-packages'
[8.054s] Level 1:colcon.colcon_core.environment:checking '/home/kunal-humble/ros2_ws/install/diff_robot/bin'
[8.054s] INFO:colcon.colcon_core.shell:Creating package script '/home/kunal-humble/ros2_ws/install/diff_robot/share/diff_robot/package.ps1'
[8.054s] INFO:colcon.colcon_core.shell:Creating package descriptor '/home/kunal-humble/ros2_ws/install/diff_robot/share/diff_robot/package.dsv'
[8.054s] INFO:colcon.colcon_core.shell:Creating package script '/home/kunal-humble/ros2_ws/install/diff_robot/share/diff_robot/package.sh'
[8.055s] INFO:colcon.colcon_core.shell:Creating package script '/home/kunal-humble/ros2_ws/install/diff_robot/share/diff_robot/package.bash'
[8.055s] INFO:colcon.colcon_core.shell:Creating package script '/home/kunal-humble/ros2_ws/install/diff_robot/share/diff_robot/package.zsh'
[8.055s] Level 1:colcon.colcon_core.environment:create_file_with_runtime_dependencies(/home/kunal-humble/ros2_ws/install/diff_robot/share/colcon-core/packages/diff_robot)
[8.055s] DEBUG:colcon.colcon_parallel_executor.executor.parallel:closing loop
[8.055s] DEBUG:colcon.colcon_parallel_executor.executor.parallel:loop closed
[8.056s] DEBUG:colcon.colcon_parallel_executor.executor.parallel:run_until_complete finished with '0'
[8.056s] DEBUG:colcon.colcon_core.event_reactor:joining thread
[8.059s] INFO:colcon.colcon_core.plugin_system:Skipping extension 'colcon_notification.desktop_notification.terminal_notifier': Not used on non-Darwin systems
[8.059s] INFO:colcon.colcon_core.plugin_system:Skipping extension 'colcon_notification.desktop_notification.win32': Not used on non-Windows systems
[8.059s] INFO:colcon.colcon_notification.desktop_notification:Sending desktop notification using 'notify2'
[8.067s] DEBUG:colcon.colcon_core.event_reactor:joined thread
[8.067s] INFO:colcon.colcon_core.shell:Creating prefix script '/home/kunal-humble/ros2_ws/install/local_setup.ps1'
[8.068s] INFO:colcon.colcon_core.shell:Creating prefix util module '/home/kunal-humble/ros2_ws/install/_local_setup_util_ps1.py'
[8.068s] INFO:colcon.colcon_core.shell:Creating prefix chain script '/home/kunal-humble/ros2_ws/install/setup.ps1'
[8.069s] INFO:colcon.colcon_core.shell:Creating prefix script '/home/kunal-humble/ros2_ws/install/local_setup.sh'
[8.069s] INFO:colcon.colcon_core.shell:Creating prefix util module '/home/kunal-humble/ros2_ws/install/_local_setup_util_sh.py'
[8.070s] INFO:colcon.colcon_core.shell:Creating prefix chain script '/home/kunal-humble/ros2_ws/install/setup.sh'
[8.070s] INFO:colcon.colcon_core.shell:Creating prefix script '/home/kunal-humble/ros2_ws/install/local_setup.bash'
[8.071s] INFO:colcon.colcon_core.shell:Creating prefix chain script '/home/kunal-humble/ros2_ws/install/setup.bash'
[8.071s] INFO:colcon.colcon_core.shell:Creating prefix script '/home/kunal-humble/ros2_ws/install/local_setup.zsh'
[8.071s] INFO:colcon.colcon_core.shell:Creating prefix chain script '/home/kunal-humble/ros2_ws/install/setup.zsh'
