[31mCMake Error at CMakeLists.txt:26 (add_executable):
  Cannot find source file:

    src/odom_pose.cpp

  Tried extensions .c .C .c++ .cc .cpp .cxx .cu .mpp .m .M .mm .ixx .cppm .h
  .hh .h++ .hm .hpp .hxx .in .txx .f .F .for .f77 .f90 .f95 .f03 .hip .ispc

[0m
[31mCMake Error at CMakeLists.txt:29 (add_executable):
  Cannot find source file:

    src/vel_publisher.cpp

  Tried extensions .c .C .c++ .cc .cpp .cxx .cu .mpp .m .M .mm .ixx .cppm .h
  .hh .h++ .hm .hpp .hxx .in .txx .f .F .for .f77 .f90 .f95 .f03 .hip .ispc

[0m
[31mCMake Error at CMakeLists.txt:26 (add_executable):
  No SOURCES given to target: pose_publisher

[0m
[31mCMake Error at CMakeLists.txt:29 (add_executable):
  No SOURCES given to target: vel_publisher

[0m
[0mCMake Generate step failed.  Build files cannot be regenerated correctly.[0m
gmake: *** [Makefile:308: cmake_check_build_system] Error 1
