[0.009s] Invoking command in '/home/kunal-humble/ros2_ws/build/diff_robot': CMAKE_PREFIX_PATH=${CMAKE_PREFIX_PATH}:/opt/ros/humble /usr/bin/cmake --build /home/kunal-humble/ros2_ws/build/diff_robot -- -j12 -l12
[0.044s] -- Found ament_cmake: 1.3.13 (/opt/ros/humble/share/ament_cmake/cmake)
[0.163s] -- Found rclcpp: 16.0.18 (/opt/ros/humble/share/rclcpp/cmake)
[0.208s] -- Found rosidl_generator_c: 3.1.8 (/opt/ros/humble/share/rosidl_generator_c/cmake)
[0.210s] -- Found rosidl_adapter: 3.1.8 (/opt/ros/humble/share/rosidl_adapter/cmake)
[0.217s] -- Found rosidl_generator_cpp: 3.1.8 (/opt/ros/humble/share/rosidl_generator_cpp/cmake)
[0.229s] -- Using all available rosidl_typesupport_c: rosidl_typesupport_fastrtps_c;rosidl_typesupport_introspection_c
[0.241s] -- Using all available rosidl_typesupport_cpp: rosidl_typesupport_fastrtps_cpp;rosidl_typesupport_introspection_cpp
[0.270s] -- Found rmw_implementation_cmake: 6.1.2 (/opt/ros/humble/share/rmw_implementation_cmake/cmake)
[0.272s] -- Found rmw_fastrtps_cpp: 6.2.10 (/opt/ros/humble/share/rmw_fastrtps_cpp/cmake)
[0.364s] -- Using RMW implementation 'rmw_fastrtps_cpp' as default
[0.424s] -- Found robot_state_publisher: 3.0.3 (/opt/ros/humble/share/robot_state_publisher/cmake)
[0.439s] -- Found eigen3_cmake_module: 0.1.1 (/opt/ros/humble/share/eigen3_cmake_module/cmake)
[0.440s] -- Ensuring Eigen3 include directory is part of orocos-kdl CMake target
[0.542s] -- Found gazebo_ros: 3.9.0 (/opt/ros/humble/share/gazebo_ros/cmake)
[0.572s] -- Found DART: /usr/include (Required is at least version "6.6") found components: dart 
[0.606s] -- Found Protobuf: /usr/lib/x86_64-linux-gnu/libprotobuf.so (found version "3.12.4") 
[0.609s] -- Looking for ignition-math6 -- found version 6.15.1
[0.620s] -- Searching for dependencies of ignition-math6
[0.623s] -- Looking for OGRE...
[0.631s] -- Found Ogre Ghadamon (1.9.0)
[0.631s] -- Found OGRE: optimized;/usr/lib/x86_64-linux-gnu/libOgreMain.so;debug;/usr/lib/x86_64-linux-gnu/libOgreMain.so
[0.639s] -- Looking for OGRE_Paging...
[0.639s] -- Found OGRE_Paging: optimized;/usr/lib/x86_64-linux-gnu/libOgrePaging.so;debug;/usr/lib/x86_64-linux-gnu/libOgrePaging.so
[0.639s] -- Looking for OGRE_Terrain...
[0.639s] -- Found OGRE_Terrain: optimized;/usr/lib/x86_64-linux-gnu/libOgreTerrain.so;debug;/usr/lib/x86_64-linux-gnu/libOgreTerrain.so
[0.639s] -- Looking for OGRE_Property...
[0.639s] -- Found OGRE_Property: optimized;/usr/lib/x86_64-linux-gnu/libOgreProperty.so;debug;/usr/lib/x86_64-linux-gnu/libOgreProperty.so
[0.639s] -- Looking for OGRE_RTShaderSystem...
[0.639s] -- Found OGRE_RTShaderSystem: optimized;/usr/lib/x86_64-linux-gnu/libOgreRTShaderSystem.so;debug;/usr/lib/x86_64-linux-gnu/libOgreRTShaderSystem.so
[0.639s] -- Looking for OGRE_Volume...
[0.639s] -- Found OGRE_Volume: optimized;/usr/lib/x86_64-linux-gnu/libOgreVolume.so;debug;/usr/lib/x86_64-linux-gnu/libOgreVolume.so
[0.639s] -- Looking for OGRE_Overlay...
[0.639s] -- Found OGRE_Overlay: optimized;/usr/lib/x86_64-linux-gnu/libOgreOverlay.so;debug;/usr/lib/x86_64-linux-gnu/libOgreOverlay.so
[0.699s] -- Looking for ignition-math6 -- found version 6.15.1
[0.700s] -- Looking for ignition-transport8 -- found version 8.2.1
[0.701s] -- Searching for dependencies of ignition-transport8
[0.713s] -- Found Protobuf: /usr/lib/x86_64-linux-gnu/libprotobuf.so (found suitable version "3.12.4", minimum required is "3") 
[0.719s] -- Config-file not installed for ZeroMQ -- checking for pkg-config
[0.723s] -- Checking for module 'libzmq >= 4'
[0.736s] --   Found libzmq , version 4.3.4
[0.792s] -- Checking for module 'uuid'
[0.810s] --   Found uuid, version 2.37.2
[0.857s] -- Looking for ignition-msgs5 -- found version 5.8.1
[0.857s] -- Searching for dependencies of ignition-msgs5
[0.874s] -- Looking for ignition-math6 -- found version 6.15.1
[0.881s] -- Looking for ignition-msgs5 -- found version 5.8.1
[0.882s] -- Looking for ignition-common3 -- found version 3.14.0
[0.882s] -- Searching for dependencies of ignition-common3
[0.882s] -- Looking for dlfcn.h - found
[0.882s] -- Looking for libdl - found
[0.899s] -- Searching for <ignition-common3> component [graphics]
[0.900s] -- Looking for ignition-common3-graphics -- found version 3.14.0
[0.901s] -- Searching for dependencies of ignition-common3-graphics
[0.901s] -- Looking for ignition-math6 -- found version 6.15.1
[0.903s] -- Looking for ignition-fuel_tools4 -- found version 4.4.0
[0.903s] -- Searching for dependencies of ignition-fuel_tools4
[0.957s] -- Checking for module 'jsoncpp'
[0.975s] --   Found jsoncpp, version 1.9.5
[1.031s] -- Checking for module 'libzip'
[1.050s] --   Found libzip, version 1.7.3
[1.096s] -- Looking for ignition-common3 -- found version 3.14.0
[1.097s] -- Looking for ignition-math6 -- found version 6.15.1
[1.097s] -- Looking for ignition-msgs5 -- found version 5.8.1
[1.101s] -- Gazebo version: 11.10
[1.103s] -- Found controller_manager: 2.53.1 (/opt/ros/humble/share/controller_manager/cmake)
[1.185s] -- Found diff_drive_controller: 2.52.0 (/opt/ros/humble/share/diff_drive_controller/cmake)
[1.213s] -- Found nav2_msgs: 1.1.20 (/opt/ros/humble/share/nav2_msgs/cmake)
[1.231s] -- Found ament_lint_auto: 0.12.15 (/opt/ros/humble/share/ament_lint_auto/cmake)
[1.284s] -- Added test 'flake8' to check Python code syntax and style conventions
[1.285s] -- Added test 'lint_cmake' to check CMake code style
[1.286s] -- Added test 'pep257' to check Python code against some of the docstring style conventions in PEP 257
[1.288s] -- Added test 'xmllint' to check XML markup files
[1.289s] -- Configuring done
[1.293s] [31mCMake Error at CMakeLists.txt:26 (add_executable):
[1.293s]   Cannot find source file:
[1.293s] 
[1.293s]     src/odom_pose.cpp
[1.293s] 
[1.293s]   Tried extensions .c .C .c++ .cc .cpp .cxx .cu .mpp .m .M .mm .ixx .cppm .h
[1.293s]   .hh .h++ .hm .hpp .hxx .in .txx .f .F .for .f77 .f90 .f95 .f03 .hip .ispc
[1.293s] 
[1.293s] [0m
[1.294s] [31mCMake Error at CMakeLists.txt:29 (add_executable):
[1.294s]   Cannot find source file:
[1.294s] 
[1.294s]     src/vel_publisher.cpp
[1.294s] 
[1.294s]   Tried extensions .c .C .c++ .cc .cpp .cxx .cu .mpp .m .M .mm .ixx .cppm .h
[1.294s]   .hh .h++ .hm .hpp .hxx .in .txx .f .F .for .f77 .f90 .f95 .f03 .hip .ispc
[1.294s] 
[1.294s] [0m
[1.294s] [31mCMake Error at CMakeLists.txt:26 (add_executable):
[1.294s]   No SOURCES given to target: pose_publisher
[1.294s] 
[1.294s] [0m
[1.294s] [31mCMake Error at CMakeLists.txt:29 (add_executable):
[1.294s]   No SOURCES given to target: vel_publisher
[1.294s] 
[1.294s] [0m
[1.294s] [0mCMake Generate step failed.  Build files cannot be regenerated correctly.[0m
[1.302s] gmake: *** [Makefile:308: cmake_check_build_system] Error 1
[1.304s] Invoked command in '/home/kunal-humble/ros2_ws/build/diff_robot' returned '2': CMAKE_PREFIX_PATH=${CMAKE_PREFIX_PATH}:/opt/ros/humble /usr/bin/cmake --build /home/kunal-humble/ros2_ws/build/diff_robot -- -j12 -l12
