[0.011s] Invoking command in '/home/kunal-humble/ros2_ws/build/diff_robot': CMAKE_PREFIX_PATH=/opt/ros/humble /usr/bin/cmake --build /home/kunal-humble/ros2_ws/build/diff_robot -- -j12 -l12
[0.124s] -- Found ament_cmake: 1.3.13 (/opt/ros/humble/share/ament_cmake/cmake)
[0.235s] -- Found rclcpp: 16.0.18 (/opt/ros/humble/share/rclcpp/cmake)
[0.261s] -- Found rosidl_generator_c: 3.1.8 (/opt/ros/humble/share/rosidl_generator_c/cmake)
[0.263s] -- Found rosidl_adapter: 3.1.8 (/opt/ros/humble/share/rosidl_adapter/cmake)
[0.269s] -- Found rosidl_generator_cpp: 3.1.8 (/opt/ros/humble/share/rosidl_generator_cpp/cmake)
[0.277s] -- Using all available rosidl_typesupport_c: rosidl_typesupport_fastrtps_c;rosidl_typesupport_introspection_c
[0.287s] -- Using all available rosidl_typesupport_cpp: rosidl_typesupport_fastrtps_cpp;rosidl_typesupport_introspection_cpp
[0.313s] -- Found rmw_implementation_cmake: 6.1.2 (/opt/ros/humble/share/rmw_implementation_cmake/cmake)
[0.315s] -- Found rmw_fastrtps_cpp: 6.2.10 (/opt/ros/humble/share/rmw_fastrtps_cpp/cmake)
[0.393s] -- Using RMW implementation 'rmw_fastrtps_cpp' as default
[0.435s] -- Found robot_state_publisher: 3.0.3 (/opt/ros/humble/share/robot_state_publisher/cmake)
[0.449s] -- Found eigen3_cmake_module: 0.1.1 (/opt/ros/humble/share/eigen3_cmake_module/cmake)
[0.450s] -- Ensuring Eigen3 include directory is part of orocos-kdl CMake target
[0.544s] -- Found gazebo_ros: 3.9.0 (/opt/ros/humble/share/gazebo_ros/cmake)
[0.595s] -- Found DART: /usr/include (Required is at least version "6.6") found components: dart 
[0.627s] -- Found Protobuf: /usr/lib/x86_64-linux-gnu/libprotobuf.so (found version "3.12.4") 
[0.631s] -- Looking for ignition-math6 -- found version 6.15.1
[0.643s] -- Searching for dependencies of ignition-math6
[0.647s] -- Looking for OGRE...
[0.656s] -- Found Ogre Ghadamon (1.9.0)
[0.657s] -- Found OGRE: optimized;/usr/lib/x86_64-linux-gnu/libOgreMain.so;debug;/usr/lib/x86_64-linux-gnu/libOgreMain.so
[0.669s] -- Looking for OGRE_Paging...
[0.669s] -- Found OGRE_Paging: optimized;/usr/lib/x86_64-linux-gnu/libOgrePaging.so;debug;/usr/lib/x86_64-linux-gnu/libOgrePaging.so
[0.669s] -- Looking for OGRE_Terrain...
[0.669s] -- Found OGRE_Terrain: optimized;/usr/lib/x86_64-linux-gnu/libOgreTerrain.so;debug;/usr/lib/x86_64-linux-gnu/libOgreTerrain.so
[0.669s] -- Looking for OGRE_Property...
[0.669s] -- Found OGRE_Property: optimized;/usr/lib/x86_64-linux-gnu/libOgreProperty.so;debug;/usr/lib/x86_64-linux-gnu/libOgreProperty.so
[0.669s] -- Looking for OGRE_RTShaderSystem...
[0.669s] -- Found OGRE_RTShaderSystem: optimized;/usr/lib/x86_64-linux-gnu/libOgreRTShaderSystem.so;debug;/usr/lib/x86_64-linux-gnu/libOgreRTShaderSystem.so
[0.669s] -- Looking for OGRE_Volume...
[0.669s] -- Found OGRE_Volume: optimized;/usr/lib/x86_64-linux-gnu/libOgreVolume.so;debug;/usr/lib/x86_64-linux-gnu/libOgreVolume.so
[0.670s] -- Looking for OGRE_Overlay...
[0.670s] -- Found OGRE_Overlay: optimized;/usr/lib/x86_64-linux-gnu/libOgreOverlay.so;debug;/usr/lib/x86_64-linux-gnu/libOgreOverlay.so
[0.734s] -- Looking for ignition-math6 -- found version 6.15.1
[0.735s] -- Looking for ignition-transport8 -- found version 8.2.1
[0.735s] -- Searching for dependencies of ignition-transport8
[0.749s] -- Found Protobuf: /usr/lib/x86_64-linux-gnu/libprotobuf.so (found suitable version "3.12.4", minimum required is "3") 
[0.755s] -- Config-file not installed for ZeroMQ -- checking for pkg-config
[0.760s] -- Checking for module 'libzmq >= 4'
[0.779s] --   Found libzmq , version 4.3.4
[0.838s] -- Checking for module 'uuid'
[0.855s] --   Found uuid, version 2.37.2
[0.901s] -- Looking for ignition-msgs5 -- found version 5.8.1
[0.902s] -- Searching for dependencies of ignition-msgs5
[0.921s] -- Looking for ignition-math6 -- found version 6.15.1
[0.932s] -- Looking for ignition-msgs5 -- found version 5.8.1
[0.933s] -- Looking for ignition-common3 -- found version 3.14.0
[0.934s] -- Searching for dependencies of ignition-common3
[0.935s] -- Looking for dlfcn.h - found
[0.935s] -- Looking for libdl - found
[0.952s] -- Searching for <ignition-common3> component [graphics]
[0.953s] -- Looking for ignition-common3-graphics -- found version 3.14.0
[0.954s] -- Searching for dependencies of ignition-common3-graphics
[0.954s] -- Looking for ignition-math6 -- found version 6.15.1
[0.955s] -- Looking for ignition-fuel_tools4 -- found version 4.4.0
[0.956s] -- Searching for dependencies of ignition-fuel_tools4
[1.000s] -- Checking for module 'jsoncpp'
[1.017s] --   Found jsoncpp, version 1.9.5
[1.071s] -- Checking for module 'libzip'
[1.087s] --   Found libzip, version 1.7.3
[1.130s] -- Looking for ignition-common3 -- found version 3.14.0
[1.131s] -- Looking for ignition-math6 -- found version 6.15.1
[1.132s] -- Looking for ignition-msgs5 -- found version 5.8.1
[1.136s] -- Gazebo version: 11.10
[1.138s] -- Found controller_manager: 2.53.1 (/opt/ros/humble/share/controller_manager/cmake)
[1.208s] -- Found diff_drive_controller: 2.52.0 (/opt/ros/humble/share/diff_drive_controller/cmake)
[1.235s] -- Found nav2_msgs: 1.1.20 (/opt/ros/humble/share/nav2_msgs/cmake)
[1.252s] -- Found ament_lint_auto: 0.12.15 (/opt/ros/humble/share/ament_lint_auto/cmake)
[1.318s] -- Added test 'cppcheck' to perform static code analysis on C / C++ code
[1.319s] -- Configured cppcheck include dirs: 
[1.319s] -- Configured cppcheck exclude dirs and/or files: 
[1.320s] -- Added test 'flake8' to check Python code syntax and style conventions
[1.321s] -- Added test 'lint_cmake' to check CMake code style
[1.322s] -- Added test 'pep257' to check Python code against some of the docstring style conventions in PEP 257
[1.326s] -- Added test 'uncrustify' to check C / C++ code style
[1.326s] -- Configured uncrustify additional arguments: 
[1.327s] -- Added test 'xmllint' to check XML markup files
[1.328s] -- Configuring done
[1.345s] -- Generating done
[1.349s] -- Build files have been written to: /home/kunal-humble/ros2_ws/build/diff_robot
[1.372s] [35m[1mConsolidate compiler generated dependencies of target pose_publisher[0m
[1.373s] [35m[1mConsolidate compiler generated dependencies of target vel_publisher[0m
[1.405s] [ 75%] [32mBuilding CXX object CMakeFiles/pose_publisher.dir/src/odom_pose.cpp.o[0m
[1.405s] [ 75%] Built target vel_publisher
[6.628s] [100%] [32m[1mLinking CXX executable pose_publisher[0m
[6.915s] [100%] Built target pose_publisher
[6.924s] Invoked command in '/home/kunal-humble/ros2_ws/build/diff_robot' returned '0': CMAKE_PREFIX_PATH=/opt/ros/humble /usr/bin/cmake --build /home/kunal-humble/ros2_ws/build/diff_robot -- -j12 -l12
[6.931s] Invoking command in '/home/kunal-humble/ros2_ws/build/diff_robot': CMAKE_PREFIX_PATH=/opt/ros/humble /usr/bin/cmake --install /home/kunal-humble/ros2_ws/build/diff_robot
[6.937s] -- Install configuration: ""
[6.938s] -- Up-to-date: /home/kunal-humble/ros2_ws/install/diff_robot/share/diff_robot//launch
[6.938s] -- Installing: /home/kunal-humble/ros2_ws/install/diff_robot/share/diff_robot//launch/robot.launch.py
[6.938s] -- Installing: /home/kunal-humble/ros2_ws/install/diff_robot/share/diff_robot//launch/nav2.launch.py
[6.938s] -- Up-to-date: /home/kunal-humble/ros2_ws/install/diff_robot/share/diff_robot//launch/__pycache__
[6.938s] -- Installing: /home/kunal-humble/ros2_ws/install/diff_robot/share/diff_robot//launch/__pycache__/robot.launch.cpython-310.pyc
[6.939s] -- Installing: /home/kunal-humble/ros2_ws/install/diff_robot/share/diff_robot/urdf
[6.939s] -- Installing: /home/kunal-humble/ros2_ws/install/diff_robot/share/diff_robot/urdf/rviz.rviz
[6.939s] -- Installing: /home/kunal-humble/ros2_ws/install/diff_robot/share/diff_robot/urdf/diff_robot.urdf
[6.939s] -- Installing: /home/kunal-humble/ros2_ws/install/diff_robot/share/diff_robot/urdf/urdf_config.rviz
[6.939s] -- Installing: /home/kunal-humble/ros2_ws/install/diff_robot/share/diff_robot/world
[6.939s] -- Installing: /home/kunal-humble/ros2_ws/install/diff_robot/share/diff_robot/world/maze.world
[6.940s] -- Installing: /home/kunal-humble/ros2_ws/install/diff_robot/share/diff_robot/map
[6.940s] -- Installing: /home/kunal-humble/ros2_ws/install/diff_robot/share/diff_robot/map/map.pgm
[6.941s] -- Installing: /home/kunal-humble/ros2_ws/install/diff_robot/share/diff_robot/map/nav2_params.yaml
[6.941s] -- Installing: /home/kunal-humble/ros2_ws/install/diff_robot/share/diff_robot/map/map.data
[6.955s] -- Installing: /home/kunal-humble/ros2_ws/install/diff_robot/share/diff_robot/map/map.posegraph
[6.980s] -- Installing: /home/kunal-humble/ros2_ws/install/diff_robot/share/diff_robot/map/map.yaml
[6.980s] -- Installing: /home/kunal-humble/ros2_ws/install/diff_robot/share/diff_robot/map/slam_params.yaml
[6.981s] -- Installing: /home/kunal-humble/ros2_ws/install/diff_robot/lib/diff_robot/pose_publisher
[6.982s] -- Set runtime path of "/home/kunal-humble/ros2_ws/install/diff_robot/lib/diff_robot/pose_publisher" to ""
[6.983s] -- Up-to-date: /home/kunal-humble/ros2_ws/install/diff_robot/lib/diff_robot/vel_publisher
[6.983s] -- Up-to-date: /home/kunal-humble/ros2_ws/install/diff_robot/share/ament_index/resource_index/package_run_dependencies/diff_robot
[6.983s] -- Installing: /home/kunal-humble/ros2_ws/install/diff_robot/share/ament_index/resource_index/parent_prefix_path/diff_robot
[6.984s] -- Up-to-date: /home/kunal-humble/ros2_ws/install/diff_robot/share/diff_robot/environment/ament_prefix_path.sh
[6.984s] -- Installing: /home/kunal-humble/ros2_ws/install/diff_robot/share/diff_robot/environment/ament_prefix_path.dsv
[6.984s] -- Up-to-date: /home/kunal-humble/ros2_ws/install/diff_robot/share/diff_robot/environment/path.sh
[6.984s] -- Installing: /home/kunal-humble/ros2_ws/install/diff_robot/share/diff_robot/environment/path.dsv
[6.984s] -- Up-to-date: /home/kunal-humble/ros2_ws/install/diff_robot/share/diff_robot/local_setup.bash
[6.984s] -- Up-to-date: /home/kunal-humble/ros2_ws/install/diff_robot/share/diff_robot/local_setup.sh
[6.984s] -- Up-to-date: /home/kunal-humble/ros2_ws/install/diff_robot/share/diff_robot/local_setup.zsh
[6.984s] -- Installing: /home/kunal-humble/ros2_ws/install/diff_robot/share/diff_robot/local_setup.dsv
[6.984s] -- Installing: /home/kunal-humble/ros2_ws/install/diff_robot/share/diff_robot/package.dsv
[6.984s] -- Up-to-date: /home/kunal-humble/ros2_ws/install/diff_robot/share/ament_index/resource_index/packages/diff_robot
[6.984s] -- Up-to-date: /home/kunal-humble/ros2_ws/install/diff_robot/share/diff_robot/cmake/diff_robotConfig.cmake
[6.984s] -- Up-to-date: /home/kunal-humble/ros2_ws/install/diff_robot/share/diff_robot/cmake/diff_robotConfig-version.cmake
[6.984s] -- Up-to-date: /home/kunal-humble/ros2_ws/install/diff_robot/share/diff_robot/package.xml
[6.985s] Invoked command in '/home/kunal-humble/ros2_ws/build/diff_robot' returned '0': CMAKE_PREFIX_PATH=/opt/ros/humble /usr/bin/cmake --install /home/kunal-humble/ros2_ws/build/diff_robot
