[0.007s] Invoking command in '/home/kunal-humble/ros2_ws/build/diff_robot': CMAKE_PREFIX_PATH=/opt/ros/humble /usr/bin/cmake /home/kunal-humble/ros2_ws/src/diff_robot -DCMAKE_INSTALL_PREFIX=/home/kunal-humble/ros2_ws/install/diff_robot
[0.064s] -- The C compiler identification is GNU 11.4.0
[0.124s] -- The CXX compiler identification is GNU 11.4.0
[0.134s] -- Detecting C compiler ABI info
[0.215s] -- Detecting C compiler ABI info - done
[0.225s] -- Check for working C compiler: /usr/bin/cc - skipped
[0.225s] -- Detecting C compile features
[0.226s] -- Detecting C compile features - done
[0.230s] -- Detecting CXX compiler ABI info
[0.313s] -- Detecting CXX compiler ABI info - done
[0.318s] -- Check for working CXX compiler: /usr/bin/c++ - skipped
[0.318s] -- Detecting CXX compile features
[0.318s] -- Detecting CXX compile features - done
[0.320s] -- Found ament_cmake: 1.3.13 (/opt/ros/humble/share/ament_cmake/cmake)
[0.434s] -- Found Python3: /usr/bin/python3 (found version "3.10.12") found components: Interpreter 
[0.495s] -- Found rclcpp: 16.0.18 (/opt/ros/humble/share/rclcpp/cmake)
[0.523s] -- Found rosidl_generator_c: 3.1.8 (/opt/ros/humble/share/rosidl_generator_c/cmake)
[0.526s] -- Found rosidl_adapter: 3.1.8 (/opt/ros/humble/share/rosidl_adapter/cmake)
[0.533s] -- Found rosidl_generator_cpp: 3.1.8 (/opt/ros/humble/share/rosidl_generator_cpp/cmake)
[0.541s] -- Using all available rosidl_typesupport_c: rosidl_typesupport_fastrtps_c;rosidl_typesupport_introspection_c
[0.551s] -- Using all available rosidl_typesupport_cpp: rosidl_typesupport_fastrtps_cpp;rosidl_typesupport_introspection_cpp
[0.580s] -- Found rmw_implementation_cmake: 6.1.2 (/opt/ros/humble/share/rmw_implementation_cmake/cmake)
[0.582s] -- Found rmw_fastrtps_cpp: 6.2.10 (/opt/ros/humble/share/rmw_fastrtps_cpp/cmake)
[0.659s] -- Found OpenSSL: /usr/lib/x86_64-linux-gnu/libcrypto.so (found version "3.0.2")  
[0.690s] -- Found FastRTPS: /opt/ros/humble/include  
[0.719s] -- Using RMW implementation 'rmw_fastrtps_cpp' as default
[0.725s] -- Looking for pthread.h
[0.793s] -- Looking for pthread.h - found
[0.794s] -- Performing Test CMAKE_HAVE_LIBC_PTHREAD
[0.875s] -- Performing Test CMAKE_HAVE_LIBC_PTHREAD - Success
[0.877s] -- Found Threads: TRUE  
[0.915s] -- Found robot_state_publisher: 3.0.3 (/opt/ros/humble/share/robot_state_publisher/cmake)
[0.934s] -- Found eigen3_cmake_module: 0.1.1 (/opt/ros/humble/share/eigen3_cmake_module/cmake)
[0.935s] -- Found Eigen3: TRUE (found version "3.4.0") 
[0.935s] -- Ensuring Eigen3 include directory is part of orocos-kdl CMake target
[1.034s] -- Found gazebo_ros: 3.9.0 (/opt/ros/humble/share/gazebo_ros/cmake)
[1.041s] -- Found PkgConfig: /usr/bin/pkg-config (found version "0.29.2") 
[1.042s] -- Checking for module 'bullet>=2.82'
[1.053s] --   Found bullet, version 3.05
[1.168s] -- Found fcl: /usr/include (found suitable version "0.7.0", minimum required is "0.5.0") 
[1.236s] -- Found assimp: /usr/include (found version "5.2.0") 
[1.258s] -- Found DART: /usr/include (Required is at least version "6.6") found components: dart 
[1.278s] -- Found Boost: /usr/lib/x86_64-linux-gnu/cmake/Boost-1.74.0/BoostConfig.cmake (found suitable version "1.74.0", minimum required is "1.40.0") found components: thread system filesystem program_options regex iostreams date_time 
[1.288s] -- Found Protobuf: /usr/lib/x86_64-linux-gnu/libprotobuf.so (found version "3.12.4") 
[1.291s] -- Looking for ignition-math6 -- found version 6.15.1
[1.295s] -- Searching for dependencies of ignition-math6
[1.296s] -- Looking for OGRE...
[1.296s] -- OGRE_PREFIX_WATCH changed.
[1.301s] -- Checking for module 'OGRE'
[1.319s] --   Found OGRE, version 1.9.0
[1.363s] -- Found Ogre Ghadamon (1.9.0)
[1.371s] -- Found OGRE: optimized;/usr/lib/x86_64-linux-gnu/libOgreMain.so;debug;/usr/lib/x86_64-linux-gnu/libOgreMain.so
[1.380s] -- Looking for OGRE_Paging...
[1.383s] -- Found OGRE_Paging: optimized;/usr/lib/x86_64-linux-gnu/libOgrePaging.so;debug;/usr/lib/x86_64-linux-gnu/libOgrePaging.so
[1.383s] -- Looking for OGRE_Terrain...
[1.386s] -- Found OGRE_Terrain: optimized;/usr/lib/x86_64-linux-gnu/libOgreTerrain.so;debug;/usr/lib/x86_64-linux-gnu/libOgreTerrain.so
[1.386s] -- Looking for OGRE_Property...
[1.389s] -- Found OGRE_Property: optimized;/usr/lib/x86_64-linux-gnu/libOgreProperty.so;debug;/usr/lib/x86_64-linux-gnu/libOgreProperty.so
[1.389s] -- Looking for OGRE_RTShaderSystem...
[1.392s] -- Found OGRE_RTShaderSystem: optimized;/usr/lib/x86_64-linux-gnu/libOgreRTShaderSystem.so;debug;/usr/lib/x86_64-linux-gnu/libOgreRTShaderSystem.so
[1.392s] -- Looking for OGRE_Volume...
[1.395s] -- Found OGRE_Volume: optimized;/usr/lib/x86_64-linux-gnu/libOgreVolume.so;debug;/usr/lib/x86_64-linux-gnu/libOgreVolume.so
[1.395s] -- Looking for OGRE_Overlay...
[1.398s] -- Found OGRE_Overlay: optimized;/usr/lib/x86_64-linux-gnu/libOgreOverlay.so;debug;/usr/lib/x86_64-linux-gnu/libOgreOverlay.so
[1.462s] -- Looking for ignition-math6 -- found version 6.15.1
[1.463s] -- Looking for ignition-transport8 -- found version 8.2.1
[1.463s] -- Searching for dependencies of ignition-transport8
[1.475s] -- Found Protobuf: /usr/lib/x86_64-linux-gnu/libprotobuf.so (found suitable version "3.12.4", minimum required is "3") 
[1.482s] -- Config-file not installed for ZeroMQ -- checking for pkg-config
[1.486s] -- Checking for module 'libzmq >= 4'
[1.499s] --   Found libzmq , version 4.3.4
[1.552s] -- Found ZeroMQ: TRUE (Required is at least version "4") 
[1.560s] -- Checking for module 'uuid'
[1.578s] --   Found uuid, version 2.37.2
[1.621s] -- Found UUID: TRUE  
[1.624s] -- Looking for ignition-msgs5 -- found version 5.8.1
[1.625s] -- Searching for dependencies of ignition-msgs5
[1.641s] -- Looking for ignition-math6 -- found version 6.15.1
[1.645s] -- Checking for module 'tinyxml2'
[1.660s] --   Found tinyxml2, version 9.0.0
[1.707s] -- Looking for ignition-msgs5 -- found version 5.8.1
[1.709s] -- Looking for ignition-common3 -- found version 3.14.0
[1.710s] -- Searching for dependencies of ignition-common3
[1.711s] -- Looking for dlfcn.h - found
[1.711s] -- Looking for libdl - found
[1.713s] -- Found DL: TRUE  
[1.725s] -- Found tinyobjloader: /usr/lib/x86_64-linux-gnu/cmake/tinyobjloader/tinyobjloader-config.cmake (found version "2.0.0") 
[1.726s] -- Searching for <ignition-common3> component [graphics]
[1.729s] -- Looking for ignition-common3-graphics -- found version 3.14.0
[1.729s] -- Searching for dependencies of ignition-common3-graphics
[1.730s] -- Looking for ignition-math6 -- found version 6.15.1
[1.732s] -- Looking for ignition-fuel_tools4 -- found version 4.4.0
[1.732s] -- Searching for dependencies of ignition-fuel_tools4
[1.814s] -- Found CURL: /usr/lib/x86_64-linux-gnu/libcurl.so (found version "7.81.0")  
[1.826s] -- Checking for module 'jsoncpp'
[1.844s] --   Found jsoncpp, version 1.9.5
[1.890s] -- Found JSONCPP: TRUE  
[1.898s] -- Checking for module 'libzip'
[1.915s] --   Found libzip, version 1.7.3
[1.961s] -- Found ZIP: TRUE  
[1.962s] -- Looking for ignition-common3 -- found version 3.14.0
[1.962s] -- Looking for ignition-math6 -- found version 6.15.1
[1.963s] -- Looking for ignition-msgs5 -- found version 5.8.1
[1.967s] -- Gazebo version: 11.10
[1.968s] -- Checking for module 'tbb'
[1.985s] --   Found tbb, version 2021.5.0
[2.035s] -- Found controller_manager: 2.53.1 (/opt/ros/humble/share/controller_manager/cmake)
[2.100s] -- Found diff_drive_controller: 2.52.0 (/opt/ros/humble/share/diff_drive_controller/cmake)
[2.129s] -- Found nav2_msgs: 1.1.20 (/opt/ros/humble/share/nav2_msgs/cmake)
[2.146s] -- Found ament_lint_auto: 0.12.15 (/opt/ros/humble/share/ament_lint_auto/cmake)
[2.204s] -- Added test 'cppcheck' to perform static code analysis on C / C++ code
[2.204s] -- Configured cppcheck include dirs: 
[2.204s] -- Configured cppcheck exclude dirs and/or files: 
[2.205s] -- Added test 'flake8' to check Python code syntax and style conventions
[2.206s] -- Added test 'lint_cmake' to check CMake code style
[2.207s] -- Added test 'pep257' to check Python code against some of the docstring style conventions in PEP 257
[2.211s] -- Added test 'uncrustify' to check C / C++ code style
[2.211s] -- Configured uncrustify additional arguments: 
[2.211s] -- Added test 'xmllint' to check XML markup files
[2.212s] -- Configuring done
[2.220s] -- Generating done
[2.224s] -- Build files have been written to: /home/kunal-humble/ros2_ws/build/diff_robot
[2.236s] Invoked command in '/home/kunal-humble/ros2_ws/build/diff_robot' returned '0': CMAKE_PREFIX_PATH=/opt/ros/humble /usr/bin/cmake /home/kunal-humble/ros2_ws/src/diff_robot -DCMAKE_INSTALL_PREFIX=/home/kunal-humble/ros2_ws/install/diff_robot
[2.237s] Invoking command in '/home/kunal-humble/ros2_ws/build/diff_robot': CMAKE_PREFIX_PATH=/opt/ros/humble /usr/bin/cmake --build /home/kunal-humble/ros2_ws/build/diff_robot -- -j12 -l12
[2.287s] [ 25%] [32mBuilding CXX object CMakeFiles/vel_publisher.dir/src/vel_publisher.cpp.o[0m
[2.287s] [ 50%] [32mBuilding CXX object CMakeFiles/pose_publisher.dir/src/odom_pose.cpp.o[0m
[5.022s] [ 75%] [32m[1mLinking CXX executable vel_publisher[0m
[5.152s] [ 75%] Built target vel_publisher
[7.376s] [100%] [32m[1mLinking CXX executable pose_publisher[0m
[7.637s] [100%] Built target pose_publisher
[7.646s] Invoked command in '/home/kunal-humble/ros2_ws/build/diff_robot' returned '0': CMAKE_PREFIX_PATH=/opt/ros/humble /usr/bin/cmake --build /home/kunal-humble/ros2_ws/build/diff_robot -- -j12 -l12
[7.654s] Invoking command in '/home/kunal-humble/ros2_ws/build/diff_robot': CMAKE_PREFIX_PATH=/opt/ros/humble /usr/bin/cmake --install /home/kunal-humble/ros2_ws/build/diff_robot
[7.661s] -- Install configuration: ""
[7.661s] -- Installing: /home/kunal-humble/ros2_ws/install/diff_robot/share/diff_robot//launch
[7.661s] -- Installing: /home/kunal-humble/ros2_ws/install/diff_robot/share/diff_robot//launch/robot.launch.py
[7.662s] -- Installing: /home/kunal-humble/ros2_ws/install/diff_robot/share/diff_robot//launch/nav2.launch.py
[7.662s] -- Installing: /home/kunal-humble/ros2_ws/install/diff_robot/share/diff_robot//launch/__pycache__
[7.662s] -- Installing: /home/kunal-humble/ros2_ws/install/diff_robot/share/diff_robot//launch/__pycache__/robot.launch.cpython-310.pyc
[7.662s] -- Installing: /home/kunal-humble/ros2_ws/install/diff_robot/share/diff_robot/urdf
[7.662s] -- Installing: /home/kunal-humble/ros2_ws/install/diff_robot/share/diff_robot/urdf/rviz.rviz
[7.662s] -- Installing: /home/kunal-humble/ros2_ws/install/diff_robot/share/diff_robot/urdf/diff_robot.urdf
[7.663s] -- Installing: /home/kunal-humble/ros2_ws/install/diff_robot/share/diff_robot/urdf/urdf_config.rviz
[7.663s] -- Installing: /home/kunal-humble/ros2_ws/install/diff_robot/share/diff_robot/world
[7.663s] -- Installing: /home/kunal-humble/ros2_ws/install/diff_robot/share/diff_robot/world/maze.world
[7.663s] -- Installing: /home/kunal-humble/ros2_ws/install/diff_robot/share/diff_robot/map
[7.663s] -- Installing: /home/kunal-humble/ros2_ws/install/diff_robot/share/diff_robot/map/map.pgm
[7.663s] -- Installing: /home/kunal-humble/ros2_ws/install/diff_robot/share/diff_robot/map/nav2_params.yaml
[7.663s] -- Installing: /home/kunal-humble/ros2_ws/install/diff_robot/share/diff_robot/map/map.data
[7.676s] -- Installing: /home/kunal-humble/ros2_ws/install/diff_robot/share/diff_robot/map/map.posegraph
[7.701s] -- Installing: /home/kunal-humble/ros2_ws/install/diff_robot/share/diff_robot/map/map.yaml
[7.701s] -- Installing: /home/kunal-humble/ros2_ws/install/diff_robot/share/diff_robot/map/slam_params.yaml
[7.701s] -- Installing: /home/kunal-humble/ros2_ws/install/diff_robot/lib/diff_robot/pose_publisher
[7.702s] -- Set runtime path of "/home/kunal-humble/ros2_ws/install/diff_robot/lib/diff_robot/pose_publisher" to ""
[7.702s] -- Installing: /home/kunal-humble/ros2_ws/install/diff_robot/lib/diff_robot/vel_publisher
[7.703s] -- Set runtime path of "/home/kunal-humble/ros2_ws/install/diff_robot/lib/diff_robot/vel_publisher" to ""
[7.703s] -- Installing: /home/kunal-humble/ros2_ws/install/diff_robot/share/ament_index/resource_index/package_run_dependencies/diff_robot
[7.703s] -- Installing: /home/kunal-humble/ros2_ws/install/diff_robot/share/ament_index/resource_index/parent_prefix_path/diff_robot
[7.703s] -- Installing: /home/kunal-humble/ros2_ws/install/diff_robot/share/diff_robot/environment/ament_prefix_path.sh
[7.704s] -- Installing: /home/kunal-humble/ros2_ws/install/diff_robot/share/diff_robot/environment/ament_prefix_path.dsv
[7.704s] -- Installing: /home/kunal-humble/ros2_ws/install/diff_robot/share/diff_robot/environment/path.sh
[7.704s] -- Installing: /home/kunal-humble/ros2_ws/install/diff_robot/share/diff_robot/environment/path.dsv
[7.704s] -- Installing: /home/kunal-humble/ros2_ws/install/diff_robot/share/diff_robot/local_setup.bash
[7.704s] -- Installing: /home/kunal-humble/ros2_ws/install/diff_robot/share/diff_robot/local_setup.sh
[7.704s] -- Installing: /home/kunal-humble/ros2_ws/install/diff_robot/share/diff_robot/local_setup.zsh
[7.704s] -- Installing: /home/kunal-humble/ros2_ws/install/diff_robot/share/diff_robot/local_setup.dsv
[7.704s] -- Installing: /home/kunal-humble/ros2_ws/install/diff_robot/share/diff_robot/package.dsv
[7.704s] -- Installing: /home/kunal-humble/ros2_ws/install/diff_robot/share/ament_index/resource_index/packages/diff_robot
[7.704s] -- Installing: /home/kunal-humble/ros2_ws/install/diff_robot/share/diff_robot/cmake/diff_robotConfig.cmake
[7.704s] -- Installing: /home/kunal-humble/ros2_ws/install/diff_robot/share/diff_robot/cmake/diff_robotConfig-version.cmake
[7.704s] -- Installing: /home/kunal-humble/ros2_ws/install/diff_robot/share/diff_robot/package.xml
[7.705s] Invoked command in '/home/kunal-humble/ros2_ws/build/diff_robot' returned '0': CMAKE_PREFIX_PATH=/opt/ros/humble /usr/bin/cmake --install /home/kunal-humble/ros2_ws/build/diff_robot
